// Jest Snapshot v1, https://goo.gl/fbAQLP

exports[`Synth 1`] = `
Object {
  "Outputs": Object {
    "ExportsOutputFnGetAttTestFunction22AD90FCArn01516C4C": Object {
      "Export": Object {
        "Name": "TestLambdaStack:ExportsOutputFnGetAttTestFunction22AD90FCArn01516C4C",
      },
      "Value": Object {
        "Fn::GetAtt": Array [
          "TestFunction22AD90FC",
          "Arn",
        ],
      },
    },
  },
  "Parameters": Object {
    "BootstrapVersion": Object {
      "Default": "/cdk-bootstrap/hnb659fds/version",
      "Description": "Version of the CDK Bootstrap resources in this environment, automatically retrieved from SSM Parameter Store. [cdk:skip]",
      "Type": "AWS::SSM::Parameter::Value<String>",
    },
  },
  "Resources": Object {
    "TestFunction22AD90FC": Object {
      "DependsOn": Array [
        "TestFunctionServiceRole6ABD93C7",
      ],
      "Properties": Object {
        "Code": Object {
          "ZipFile": "module.exports = {
      handler: async (event) => {
        console.log(event);
        return {
          statusCode: 200,
          body: JSON.stringify({
            message: 'Hello',
          }),
        };
      },
    }",
        },
        "Handler": "index.handler",
        "Role": Object {
          "Fn::GetAtt": Array [
            "TestFunctionServiceRole6ABD93C7",
            "Arn",
          ],
        },
        "Runtime": "nodejs12.x",
      },
      "Type": "AWS::Lambda::Function",
    },
    "TestFunctionServiceRole6ABD93C7": Object {
      "Properties": Object {
        "AssumeRolePolicyDocument": Object {
          "Statement": Array [
            Object {
              "Action": "sts:AssumeRole",
              "Effect": "Allow",
              "Principal": Object {
                "Service": "lambda.amazonaws.com",
              },
            },
          ],
          "Version": "2012-10-17",
        },
        "ManagedPolicyArns": Array [
          Object {
            "Fn::Join": Array [
              "",
              Array [
                "arn:",
                Object {
                  "Ref": "AWS::Partition",
                },
                ":iam::aws:policy/service-role/AWSLambdaBasicExecutionRole",
              ],
            ],
          },
        ],
      },
      "Type": "AWS::IAM::Role",
    },
  },
  "Rules": Object {
    "CheckBootstrapVersion": Object {
      "Assertions": Array [
        Object {
          "Assert": Object {
            "Fn::Not": Array [
              Object {
                "Fn::Contains": Array [
                  Array [
                    "1",
                    "2",
                    "3",
                    "4",
                    "5",
                  ],
                  Object {
                    "Ref": "BootstrapVersion",
                  },
                ],
              },
            ],
          },
          "AssertDescription": "CDK bootstrap stack version 6 required. Please run 'cdk bootstrap' with a recent version of the CDK CLI.",
        },
      ],
    },
  },
}
`;
